
> portfolio-react@1.0.0 build
> react-scripts build

Creating an optimized production build...
Failed to compile.

Module not found: Error: Can't resolve './Hero.css' in '/Users/msreecha/Personal/Portfolio/src/components'


